$make
Booting Linux with qemu...(128MB)

Hello World!
0xbfb0d220
Hello World!
0x8062060
Hello World!
0xbf8d668c
Linux version 4.8.1 (rockwyc992@RivenDell) (gcc version 5.4.0 (Buildroot 2016.11-git-01154-g5f1e0e6) ) #1 SMP Mon Oct 31 20:31:07 CST 2016
x86/fpu: Legacy x87 FPU detected.
x86/fpu: Using 'eager' FPU context switches.
e820: BIOS-provided physical RAM map:
BIOS-e820: [mem 0x0000000000000000-0x000000000009fbff] usable
BIOS-e820: [mem 0x000000000009fc00-0x000000000009ffff] reserved
BIOS-e820: [mem 0x00000000000f0000-0x00000000000fffff] reserved
BIOS-e820: [mem 0x0000000000100000-0x0000000007fdffff] usable
BIOS-e820: [mem 0x0000000007fe0000-0x0000000007ffffff] reserved
BIOS-e820: [mem 0x00000000fffc0000-0x00000000ffffffff] reserved
Notice: NX (Execute Disable) protection cannot be enabled: non-PAE kernel!
SMBIOS 2.8 present.
DMI: QEMU Standard PC (i440FX + PIIX, 1996), BIOS 1.9.3-20160701_074356-anatol 04/01/2014
e820: update [mem 0x00000000-0x00000fff] usable ==> reserved
e820: remove [mem 0x000a0000-0x000fffff] usable
e820: last_pfn = 0x7fe0 max_arch_pfn = 0x100000
MTRR default type: write-back
MTRR fixed ranges enabled:
  00000-9FFFF write-back
  A0000-BFFFF uncachable
  C0000-FFFFF write-protect
MTRR variable ranges enabled:
  0 base 0080000000 mask FF80000000 uncachable
  1 disabled
  2 disabled
  3 disabled
  4 disabled
  5 disabled
  6 disabled
  7 disabled
x86/PAT: Configuration [0-7]: WB  WC  UC- UC  WB  WC  UC- WT  
found SMP MP-table at [mem 0x000f6ba0-0x000f6baf] mapped at [c00f6ba0]
initial memory mapped: [mem 0x00000000-0x01bfffff]
Base memory trampoline at [c009b000] 9b000 size 16384
BRK [0x0171e000, 0x0171efff] PGTABLE
ACPI: Early table checksum verification disabled
ACPI: RSDP 0x00000000000F69C0 000014 (v00 BOCHS )
ACPI: RSDT 0x0000000007FE18DC 000030 (v01 BOCHS  BXPCRSDT 00000001 BXPC 00000001)
ACPI: FACP 0x0000000007FE17B8 000074 (v01 BOCHS  BXPCFACP 00000001 BXPC 00000001)
ACPI: DSDT 0x0000000007FE0040 001778 (v01 BOCHS  BXPCDSDT 00000001 BXPC 00000001)
ACPI: FACS 0x0000000007FE0000 000040
ACPI: APIC 0x0000000007FE182C 000078 (v01 BOCHS  BXPCAPIC 00000001 BXPC 00000001)
ACPI: HPET 0x0000000007FE18A4 000038 (v01 BOCHS  BXPCHPET 00000001 BXPC 00000001)
ACPI: Local APIC address 0xfee00000
0MB HIGHMEM available.
127MB LOWMEM available.
  mapped low ram: 0 - 07fe0000
  low ram: 0 - 07fe0000
BRK [0x0171f000, 0x0171ffff] PGTABLE
Zone ranges:
  DMA      [mem 0x0000000000001000-0x0000000000ffffff]
  Normal   [mem 0x0000000001000000-0x0000000007fdffff]
  HighMem  empty
Movable zone start for each node
Early memory node ranges
  node   0: [mem 0x0000000000001000-0x000000000009efff]
  node   0: [mem 0x0000000000100000-0x0000000007fdffff]
Initmem setup node 0 [mem 0x0000000000001000-0x0000000007fdffff]
On node 0 totalpages: 32638
free_area_init_node: node 0, pgdat c1648ae0, node_mem_map c7ee0020
  DMA zone: 32 pages used for memmap
  DMA zone: 0 pages reserved
  DMA zone: 3998 pages, LIFO batch:0
  Normal zone: 224 pages used for memmap
  Normal zone: 28640 pages, LIFO batch:7
Using APIC driver default
ACPI: PM-Timer IO Port: 0x608
ACPI: Local APIC address 0xfee00000
ACPI: LAPIC_NMI (acpi_id[0xff] dfl dfl lint[0x1])
IOAPIC[0]: apic_id 0, version 17, address 0xfec00000, GSI 0-23
ACPI: INT_SRC_OVR (bus 0 bus_irq 0 global_irq 2 dfl dfl)
ACPI: INT_SRC_OVR (bus 0 bus_irq 5 global_irq 5 high level)
ACPI: INT_SRC_OVR (bus 0 bus_irq 9 global_irq 9 high level)
ACPI: INT_SRC_OVR (bus 0 bus_irq 10 global_irq 10 high level)
ACPI: INT_SRC_OVR (bus 0 bus_irq 11 global_irq 11 high level)
ACPI: IRQ0 used by override.
ACPI: IRQ5 used by override.
ACPI: IRQ9 used by override.
ACPI: IRQ10 used by override.
ACPI: IRQ11 used by override.
Using ACPI (MADT) for SMP configuration information
smpboot: Allowing 1 CPUs, 0 hotplug CPUs
e820: [mem 0x08000000-0xfffbffff] available for PCI devices
Booting paravirtualized kernel on bare hardware
clocksource: refined-jiffies: mask: 0xffffffff max_cycles: 0xffffffff, max_idle_ns: 7645519600211568 ns
setup_percpu: NR_CPUS:8 nr_cpumask_bits:8 nr_cpu_ids:1 nr_node_ids:1
percpu: Embedded 18 pages/cpu @c7ecb000 s41740 r0 d31988 u73728
pcpu-alloc: s41740 r0 d31988 u73728 alloc=18*4096
pcpu-alloc: [0] 0 
Built 1 zonelists in Zone order, mobility grouping on.  Total pages: 32382
Kernel command line: console=tty1 root=/dev/sda
PID hash table entries: 512 (order: -1, 2048 bytes)
Dentry cache hash table entries: 16384 (order: 4, 65536 bytes)
Inode-cache hash table entries: 8192 (order: 3, 32768 bytes)
Initializing CPU#0
Initializing HighMem for node 0 (00000000:00000000)
Memory: 121960K/130552K available (4911K kernel code, 254K rwdata, 1288K rodata, 440K init, 324K bss, 8592K reserved, 0K cma-reserved, 0K highmem)
virtual kernel memory layout:
    fixmap  : 0xfff16000 - 0xfffff000   ( 932 kB)
    pkmap   : 0xff800000 - 0xffc00000   (4096 kB)
    vmalloc : 0xc87e0000 - 0xff7fe000   ( 880 MB)
    lowmem  : 0xc0000000 - 0xc7fe0000   ( 127 MB)
      .init : 0xc1651000 - 0xc16bf000   ( 440 kB)
      .data : 0xc14cc291 - 0xc164f9c0   (1549 kB)
      .text : 0xc1000000 - 0xc14cc291   (4912 kB)
Checking if this processor honours the WP bit even in supervisor mode...Ok.
SLUB: HWalign=64, Order=0-3, MinObjects=0, CPUs=1, Nodes=1
Hierarchical RCU implementation.
	Build-time adjustment of leaf fanout to 32.
	RCU restricting CPUs from NR_CPUS=8 to nr_cpu_ids=1.
RCU: Adjusting geometry for rcu_fanout_leaf=32, nr_cpu_ids=1
NR_IRQS:2304 nr_irqs:256 16
CPU 0 irqstacks, hard=c7808000 soft=c780a000
Console: colour VGA+ 80x25
console [tty1] enabled
tsc: Unable to calibrate against PIT
tsc: using PMTIMER reference calibration
tsc: Detected 2933.446 MHz processor
Calibrating delay loop (skipped), value calculated using timer frequency.. 5866.89 BogoMIPS (lpj=11733784)
pid_max: default: 32768 minimum: 301
ACPI: Core revision 20160422
ACPI: 1 ACPI AML tables successfully acquired and loaded

Mount-cache hash table entries: 1024 (order: 0, 4096 bytes)
Mountpoint-cache hash table entries: 1024 (order: 0, 4096 bytes)
mce: CPU supports 10 MCE banks
Last level iTLB entries: 4KB 0, 2MB 0, 4MB 0
Last level dTLB entries: 4KB 0, 2MB 0, 4MB 0, 1GB 0
Freeing SMP alternatives memory: 24K (c16bf000 - c16c5000)
smpboot: APIC(0) Converting physical 0 to logical package 0
smpboot: Max logical packages: 1
Enabling APIC mode:  Flat.  Using 1 I/O APICs
..TIMER: vector=0x30 apic1=0 pin1=2 apic2=-1 pin2=-1
smpboot: CPU0: AMD QEMU Virtual CPU version 2.5+ (family: 0x6, model: 0x6, stepping: 0x3)
Performance Events: PMU not available due to virtualization, using software events only.
x86: Booted up 1 node, 1 CPUs
smpboot: Total of 1 processors activated (5866.89 BogoMIPS)
devtmpfs: initialized
clocksource: jiffies: mask: 0xffffffff max_cycles: 0xffffffff, max_idle_ns: 7645041785100000 ns
NET: Registered protocol family 16
cpuidle: using governor ladder
ACPI: bus type PCI registered
PCI: PCI BIOS revision 2.10 entry at 0xfd3e3, last bus=0
PCI: Using configuration type 1 for base access
ACPI: Added _OSI(Module Device)
ACPI: Added _OSI(Processor Device)
ACPI: Added _OSI(3.0 _SCP Extensions)
ACPI: Added _OSI(Processor Aggregator Device)
ACPI: Interpreter enabled
ACPI: (supports S0 S3 S5)
ACPI: Using IOAPIC for interrupt routing
PCI: Using host bridge windows from ACPI; if necessary, use "pci=nocrs" and report a bug
ACPI: PCI Root Bridge [PCI0] (domain 0000 [bus 00-ff])
acpi PNP0A03:00: _OSC: OS supports [Segments]
acpi PNP0A03:00: _OSC failed (AE_NOT_FOUND); disabling ASPM
acpi PNP0A03:00: fail to add MMCONFIG information, can't access extended PCI configuration space under this bridge.
PCI host bridge to bus 0000:00
pci_bus 0000:00: root bus resource [io  0x0000-0x0cf7 window]
pci_bus 0000:00: root bus resource [io  0x0d00-0xffff window]
pci_bus 0000:00: root bus resource [mem 0x000a0000-0x000bffff window]
pci_bus 0000:00: root bus resource [mem 0x08000000-0xfebfffff window]
pci_bus 0000:00: root bus resource [bus 00-ff]
pci 0000:00:00.0: [8086:1237] type 00 class 0x060000
pci 0000:00:01.0: [8086:7000] type 00 class 0x060100
pci 0000:00:01.1: [8086:7010] type 00 class 0x010180
pci 0000:00:01.1: reg 0x20: [io  0xc040-0xc04f]
pci 0000:00:01.1: legacy IDE quirk: reg 0x10: [io  0x01f0-0x01f7]
pci 0000:00:01.1: legacy IDE quirk: reg 0x14: [io  0x03f6]
pci 0000:00:01.1: legacy IDE quirk: reg 0x18: [io  0x0170-0x0177]
pci 0000:00:01.1: legacy IDE quirk: reg 0x1c: [io  0x0376]
pci 0000:00:01.3: [8086:7113] type 00 class 0x068000
pci 0000:00:01.3: quirk: [io  0x0600-0x063f] claimed by PIIX4 ACPI
pci 0000:00:01.3: quirk: [io  0x0700-0x070f] claimed by PIIX4 SMB
pci 0000:00:02.0: [1234:1111] type 00 class 0x030000
pci 0000:00:02.0: reg 0x10: [mem 0xfd000000-0xfdffffff pref]
pci 0000:00:02.0: reg 0x18: [mem 0xfebf0000-0xfebf0fff]
pci 0000:00:02.0: reg 0x30: [mem 0xfebe0000-0xfebeffff pref]
pci 0000:00:03.0: [8086:100e] type 00 class 0x020000
pci 0000:00:03.0: reg 0x10: [mem 0xfebc0000-0xfebdffff]
pci 0000:00:03.0: reg 0x14: [io  0xc000-0xc03f]
pci 0000:00:03.0: reg 0x30: [mem 0xfeb80000-0xfebbffff pref]
pci_bus 0000:00: on NUMA node 0
ACPI: PCI Interrupt Link [LNKA] (IRQs 5 *10 11)
ACPI: PCI Interrupt Link [LNKB] (IRQs 5 *10 11)
ACPI: PCI Interrupt Link [LNKC] (IRQs 5 10 *11)
ACPI: PCI Interrupt Link [LNKD] (IRQs 5 10 *11)
ACPI: PCI Interrupt Link [LNKS] (IRQs *9)
ACPI: Enabled 3 GPEs in block 00 to 0F
vgaarb: setting as boot device: PCI:0000:00:02.0
vgaarb: device added: PCI:0000:00:02.0,decodes=io+mem,owns=io+mem,locks=none
vgaarb: loaded
vgaarb: bridge control possible 0000:00:02.0
SCSI subsystem initialized
libata version 3.00 loaded.
ACPI: bus type USB registered
usbcore: registered new interface driver usbfs
usbcore: registered new interface driver hub
usbcore: registered new device driver usb
Advanced Linux Sound Architecture Driver Initialized.
PCI: Using ACPI for IRQ routing
PCI: pci_cache_line_size set to 64 bytes
e820: reserve RAM buffer [mem 0x0009fc00-0x0009ffff]
e820: reserve RAM buffer [mem 0x07fe0000-0x07ffffff]
clocksource: Switched to clocksource refined-jiffies
pnp: PnP ACPI init
pnp 00:00: Plug and Play ACPI device, IDs PNP0b00 (active)
pnp 00:01: Plug and Play ACPI device, IDs PNP0303 (active)
pnp 00:02: Plug and Play ACPI device, IDs PNP0f13 (active)
pnp 00:03: [dma 2]
pnp 00:03: Plug and Play ACPI device, IDs PNP0700 (active)
pnp 00:04: Plug and Play ACPI device, IDs PNP0400 (active)
pnp 00:05: Plug and Play ACPI device, IDs PNP0501 (active)
pnp: PnP ACPI: found 6 devices
clocksource: acpi_pm: mask: 0xffffff max_cycles: 0xffffff, max_idle_ns: 2085701024 ns
clocksource: Switched to clocksource acpi_pm
pci_bus 0000:00: resource 4 [io  0x0000-0x0cf7 window]
pci_bus 0000:00: resource 5 [io  0x0d00-0xffff window]
pci_bus 0000:00: resource 6 [mem 0x000a0000-0x000bffff window]
pci_bus 0000:00: resource 7 [mem 0x08000000-0xfebfffff window]
NET: Registered protocol family 2
TCP established hash table entries: 1024 (order: 0, 4096 bytes)
TCP bind hash table entries: 1024 (order: 1, 8192 bytes)
TCP: Hash tables configured (established 1024 bind 1024)
UDP hash table entries: 256 (order: 1, 8192 bytes)
UDP-Lite hash table entries: 256 (order: 1, 8192 bytes)
NET: Registered protocol family 1
pci 0000:00:00.0: Limiting direct PCI/PCI transfers
pci 0000:00:01.0: PIIX3: Enabling Passive Release
pci 0000:00:01.0: Activating ISA DMA hang workarounds
pci 0000:00:02.0: Video device with shadowed ROM at [mem 0x000c0000-0x000dffff]
PCI: CLS 0 bytes, default 64
futex hash table entries: 256 (order: 1, 8192 bytes)
workingset: timestamp_bits=30 max_order=15 bucket_order=0
Block layer SCSI generic (bsg) driver version 0.4 loaded (major 254)
io scheduler noop registered
io scheduler deadline registered
io scheduler cfq registered (default)
input: Power Button as /devices/LNXSYSTM:00/LNXPWRBN:00/input/input0
ACPI: Power Button [PWRF]
Warning: Processor Platform Limit event detected, but not handled.
Consider compiling CPUfreq support into your kernel.
Serial: 8250/16550 driver, 4 ports, IRQ sharing disabled
00:05: ttyS0 at I/O 0x3f8 (irq = 4, base_baud = 115200) is a 16550A
[drm] Initialized drm 1.1.0 20060810
[drm] Found bochs VGA, ID 0xb0c0.
[drm] Framebuffer size 16384 kB @ 0xfd000000, mmio @ 0xfebf0000.
[TTM] Zone  kernel: Available graphics memory: 60992 kiB
[TTM] Initializing pool allocator
fbcon: bochsdrmfb (fb0) is primary device
Console: switching to colour frame buffer device 128x48
bochs-drm 0000:00:02.0: fb0: bochsdrmfb frame buffer device
[drm] Initialized bochs-drm 1.0.0 20130925 for 0000:00:02.0 on minor 0
ata_piix 0000:00:01.1: version 2.13
scsi host0: ata_piix
scsi host1: ata_piix
ata1: PATA max MWDMA2 cmd 0x1f0 ctl 0x3f6 bmdma 0xc040 irq 14
ata2: PATA max MWDMA2 cmd 0x170 ctl 0x376 bmdma 0xc048 irq 15
ehci_hcd: USB 2.0 'Enhanced' Host Controller (EHCI) Driver
ehci-pci: EHCI PCI platform driver
uhci_hcd: USB Universal Host Controller Interface driver
usbcore: registered new interface driver usb-storage
i8042: PNP: PS/2 Controller [PNP0303:KBD,PNP0f13:MOU] at 0x60,0x64 irq 1,12
serio: i8042 KBD port at 0x60,0x64 irq 1
serio: i8042 AUX port at 0x60,0x64 irq 12
mousedev: PS/2 mouse device common for all mice
input: AT Translated Set 2 keyboard as /devices/platform/i8042/serio0/input/input1
usbcore: registered new interface driver usbhid
usbhid: USB HID core driver
NET: Registered protocol family 10
sit: IPv6, IPv4 and MPLS over IPv4 tunneling driver
NET: Registered protocol family 17
Using IPI No-Shortcut mode
ALSA device list:
  No soundcards found.
ata1.01: NODEV after polling detection
ata1.00: ATA-7: QEMU HARDDISK, 2.5+, max UDMA/100
ata1.00: 4762 sectors, multi 16: LBA48 
ata2.01: NODEV after polling detection
ata2.00: ATAPI: QEMU DVD-ROM, 2.5+, max UDMA/100
ata2.00: configured for MWDMA2
ata1.00: configured for MWDMA2
scsi 0:0:0:0: Direct-Access     ATA      QEMU HARDDISK    2.5+ PQ: 0 ANSI: 5
sd 0:0:0:0: [sda] 4762 512-byte logical blocks: (2.44 MB/2.33 MiB)
scsi 1:0:0:0: CD-ROM            QEMU     QEMU DVD-ROM     2.5+ PQ: 0 ANSI: 5
sd 0:0:0:0: [sda] Write Protect is off
sd 0:0:0:0: [sda] Mode Sense: 00 3a 00 00
sd 0:0:0:0: [sda] Write cache: enabled, read cache: enabled, doesn't support DPO or FUA
sd 0:0:0:0: [sda] Attached SCSI disk
tsc: Refined TSC clocksource calibration: 2933.438 MHz
clocksource: tsc: mask: 0xffffffffffffffff max_cycles: 0x2a48a6c21d8, max_idle_ns: 440795219289 ns
clocksource: Switched to clocksource tsc
input: ImExPS/2 BYD TouchPad as /devices/platform/i8042/serio1/input/input3
EXT4-fs (sda): couldn't mount as ext3 due to feature incompatibilities
EXT4-fs (sda): mounting ext2 file system using the ext4 subsystem
EXT4-fs (sda): mounted filesystem without journal. Opts: (null)
VFS: Mounted root (ext2 filesystem) readonly on device 8:0.
devtmpfs: mounted
Freeing unused kernel memory: 440K (c1651000 - c16bf000)
Write protecting the kernel text: 4916k
Write protecting the kernel read-only data: 1292k
random: fast init done
EXT4-fs (sda): re-mounted. Opts: block_validity,barrier,user_xattr,errors=remount-ro
test1.c
*pde = 07b60067 *pte = 017b5067 
*pde = 07b68067 *pte = 017b6067 
  32:  7b60067  766:  7b68067  767:  7b77067 
*pde = 07b60067 *pte = 017b5067 
*pde = 07b68067 *pte = 017b6067 
 768:  1716063  769:   4001e3  770:   8001e3  771:   c001e3  772:  10001e1  773:  7835063  774:  18001e3  775:  1c001e3 
 776:  20001e3  777:  24001e3  778:  28001e3  779:  2c001e3  780:  30001e3  781:  34001e3  782:  38001e3  783:  3c001e3 
 784:  40001e3  785:  44001e3  786:  48001e3  787:  4c001e3  788:  50001e3  789:  54001e3  790:  58001e3  791:  5c001e3 
 792:  60001e3  793:  64001e3  794:  68001e3  795:  6c001e3  796:  70001e3  797:  74001e3  798:  78001e3  799:  171e067 
 801:  781a067  802:  7a7c067  803:  7a7d067  804:  7a7e067  805:  7a7f067  807:  7a8c067  808:  7a8d067 1022:  171f067 
1023:  16ca067 
test2.c
*pde = 07b73067 *pte = 017e2067 
*pde = 07b73067 *pte = 017e0067 
  32:  7b73067   33:  7b69067  766:  7b76067 
*pde = 07b73067 *pte = 017e2067 
*pde = 07b73067 *pte = 017e0067 
 768:  1716063  769:   4001e3  770:   8001e3  771:   c001e3  772:  10001e1  773:  7835063  774:  18001e3  775:  1c001e3 
 776:  20001e3  777:  24001e3  778:  28001e3  779:  2c001e3  780:  30001e3  781:  34001e3  782:  38001e3  783:  3c001e3 
 784:  40001e3  785:  44001e3  786:  48001e3  787:  4c001e3  788:  50001e3  789:  54001e3  790:  58001e3  791:  5c001e3 
 792:  60001e3  793:  64001e3  794:  68001e3  795:  6c001e3  796:  70001e3  797:  74001e3  798:  78001e3  799:  171e067 
 801:  781a067  802:  7a7c067  803:  7a7d067  804:  7a7e067  805:  7a7f067  807:  7a8c067  808:  7a8d067 1022:  171f067 
1023:  16ca067 
test3.c
*pde = 07b68067 *pte = 07c0d067 
*pde = 07b77067 *pte = 07c0f067 
  32:  7b60067  732:  7b68067  766:  7b77067 
*pde = 07b68067 *pte = 07c0d067 
*pde = 07b77067 *pte = 07c0f067 
 768:  1716063  769:   4001e3  770:   8001e3  771:   c001e3  772:  10001e1  773:  7835063  774:  18001e3  775:  1c001e3 
 776:  20001e3  777:  24001e3  778:  28001e3  779:  2c001e3  780:  30001e3  781:  34001e3  782:  38001e3  783:  3c001e3 
 784:  40001e3  785:  44001e3  786:  48001e3  787:  4c001e3  788:  50001e3  789:  54001e3  790:  58001e3  791:  5c001e3 
 792:  60001e3  793:  64001e3  794:  68001e3  795:  6c001e3  796:  70001e3  797:  74001e3  798:  78001e3  799:  171e067 
 801:  781a067  802:  7a7c067  803:  7a7d067  804:  7a7e067  805:  7a7f067  807:  7a8c067  808:  7a8d067 1022:  171f067 
1023:  16ca067 
# 
